Visit count...
ERROR: ProgrammingError
(psycopg2.errors.UndefinedColumn) column visits.triage_level does not exist
LINE 2: ...ts.radiology_ordered AS visits_radiology_ordered, visits.tri...
                                                             ^

[SQL: SELECT count(*) AS count_1 
FROM (SELECT visits.id AS visits_id, visits.patient_id AS visits_patient_id, visits.department_id AS visits_department_id, visits.doctor_id AS visits_doctor_id, visits.visit_number AS visits_visit_number, visits.status AS visits_status, visits.payment_status AS visits_payment_status, visits.total_amount AS visits_total_amount, visits.paid_amount AS visits_paid_amount, visits.currency AS visits_currency, visits.receipt_number AS visits_receipt_number, visits.receipt_printed AS visits_receipt_printed, visits.visit_type AS visits_visit_type, visits.visit_date AS visits_visit_date, visits.visit_time AS visits_visit_time, visits.payment_method AS visits_payment_method, visits.insurance_provider AS visits_insurance_provider, visits.insurance_compa
